▲ Next.js 16.3.3 (Turbopack)
- Local:         http://localhost:3000
- Network:       http://0.0.0.0:3000
✓ Ready in 879ms
✓ Running next.config.mjs took 67ms

 GET / 200 in 999ms (next.js: 555ms, application-code: 444ms)
 GET /api/pets 200 in 177ms (next.js: 120ms, application-code: 57ms)
 GET /api/pets 200 in 16ms (next.js: 4ms, application-code: 12ms)
 GET / 200 in 77ms (next.js: 15ms, application-code: 62ms)
 GET / 200 in 47ms (next.js: 6ms, application-code: 41ms)
 GET / 200 in 77ms (next.js: 17ms, application-code: 60ms)
 GET / 200 in 54ms (next.js: 8ms, application-code: 46ms)
 GET / 200 in 133ms (next.js: 15ms, application-code: 118ms)
 GET /@vite/client 404 in 980ms (next.js: 844ms, application-code: 136ms)
 GET / 200 in 137ms (next.js: 38ms, application-code: 99ms)
 GET /@vite/client 404 in 79ms (next.js: 13ms, application-code: 66ms)
 GET / 200 in 76ms (next.js: 6ms, application-code: 70ms)
 GET /api/pets 200 in 25ms (next.js: 13ms, application-code: 12ms)
 GET /api/pets 200 in 29ms (next.js: 4ms, application-code: 25ms)
 GET /login 200 in 1329ms (next.js: 1222ms, application-code: 107ms)
 POST /api/auth/login 200 in 366ms (next.js: 300ms, application-code: 67ms)
 GET / 200 in 80ms (next.js: 28ms, application-code: 53ms)
 GET /api/pets 200 in 34ms (next.js: 14ms, application-code: 20ms)
 GET /api/pets 200 in 27ms (next.js: 8ms, application-code: 19ms)
 GET / 200 in 113ms (next.js: 26ms, application-code: 88ms)
 GET /@vite/client 404 in 96ms (next.js: 20ms, application-code: 77ms)
 GET / 200 in 304ms (next.js: 51ms, application-code: 253ms)
 GET /@vite/client 404 in 100ms (next.js: 18ms, application-code: 81ms)
 GET / 200 in 144ms (next.js: 33ms, application-code: 111ms)
 GET /@vite/client 404 in 147ms (next.js: 38ms, application-code: 110ms)
 GET / 200 in 201ms (next.js: 56ms, application-code: 144ms)
 GET /@vite/client 404 in 133ms (next.js: 31ms, application-code: 102ms)
 GET / 200 in 185ms (next.js: 32ms, application-code: 153ms)
 GET /@vite/client 404 in 133ms (next.js: 23ms, application-code: 110ms)
 GET / 200 in 222ms (next.js: 52ms, application-code: 171ms)
 GET /@vite/client 404 in 136ms (next.js: 42ms, application-code: 95ms)
 GET / 200 in 179ms (next.js: 56ms, application-code: 124ms)
 GET /@vite/client 404 in 125ms (next.js: 29ms, application-code: 96ms)
 GET / 200 in 175ms (next.js: 30ms, application-code: 146ms)
 GET /@vite/client 404 in 118ms (next.js: 20ms, application-code: 98ms)
 GET / 200 in 168ms (next.js: 47ms, application-code: 121ms)
 GET /@vite/client 404 in 224ms (next.js: 47ms, application-code: 177ms)
 GET / 200 in 179ms (next.js: 55ms, application-code: 124ms)
 GET /@vite/client 404 in 120ms (next.js: 23ms, application-code: 97ms)
 GET / 200 in 172ms (next.js: 58ms, application-code: 114ms)
 GET /@vite/client 404 in 121ms (next.js: 18ms, application-code: 103ms)
 GET / 200 in 137ms (next.js: 18ms, application-code: 118ms)
 GET /@vite/client 404 in 117ms (next.js: 20ms, application-code: 97ms)
 GET / 200 in 170ms (next.js: 24ms, application-code: 146ms)
 GET /@vite/client 404 in 176ms (next.js: 46ms, application-code: 130ms)
 GET / 200 in 71ms (next.js: 17ms, application-code: 54ms)
 GET /@vite/client 404 in 79ms (next.js: 34ms, application-code: 45ms)
 GET / 200 in 156ms (next.js: 15ms, application-code: 141ms)
 GET /@vite/client 404 in 120ms (next.js: 21ms, application-code: 99ms)
 GET / 200 in 215ms (next.js: 70ms, application-code: 144ms)
 GET /@vite/client 404 in 126ms (next.js: 22ms, application-code: 104ms)
 GET / 200 in 119ms (next.js: 18ms, application-code: 100ms)
 GET /@vite/client 404 in 71ms (next.js: 16ms, application-code: 56ms)
 GET / 200 in 81ms (next.js: 11ms, application-code: 70ms)
 GET /@vite/client 404 in 68ms (next.js: 9ms, application-code: 59ms)
 GET / 200 in 97ms (next.js: 19ms, application-code: 78ms)
 GET /@vite/client 404 in 71ms (next.js: 17ms, application-code: 55ms)
 GET / 200 in 73ms (next.js: 10ms, application-code: 63ms)
 GET /@vite/client 404 in 74ms (next.js: 14ms, application-code: 60ms)
 GET / 200 in 107ms (next.js: 15ms, application-code: 92ms)
 GET /@vite/client 404 in 76ms (next.js: 14ms, application-code: 62ms)
 GET / 200 in 95ms (next.js: 15ms, application-code: 80ms)
 GET /@vite/client 404 in 63ms (next.js: 12ms, application-code: 52ms)
 GET / 200 in 93ms (next.js: 10ms, application-code: 83ms)
 GET /@vite/client 404 in 80ms (next.js: 13ms, application-code: 67ms)
 GET / 200 in 105ms (next.js: 19ms, application-code: 86ms)
 GET /@vite/client 404 in 70ms (next.js: 12ms, application-code: 58ms)
 GET / 200 in 135ms (next.js: 21ms, application-code: 114ms)
 GET /@vite/client 404 in 64ms (next.js: 12ms, application-code: 52ms)
 GET / 200 in 56ms (next.js: 5ms, application-code: 51ms)
 GET /@vite/client 404 in 52ms (next.js: 10ms, application-code: 42ms)
 GET / 200 in 114ms (next.js: 16ms, application-code: 98ms)
 GET /@vite/client 404 in 55ms (next.js: 9ms, application-code: 46ms)
 GET / 200 in 77ms (next.js: 9ms, application-code: 68ms)
 GET /@vite/client 404 in 61ms (next.js: 11ms, application-code: 50ms)
 GET / 200 in 101ms (next.js: 16ms, application-code: 84ms)
 GET /@vite/client 404 in 110ms (next.js: 17ms, application-code: 93ms)
 GET / 200 in 91ms (next.js: 14ms, application-code: 77ms)
 GET /@vite/client 404 in 62ms (next.js: 13ms, application-code: 49ms)
 GET / 200 in 88ms (next.js: 9ms, application-code: 80ms)
 GET /@vite/client 404 in 69ms (next.js: 14ms, application-code: 55ms)
 GET / 200 in 101ms (next.js: 12ms, application-code: 89ms)
 GET /@vite/client 404 in 74ms (next.js: 12ms, application-code: 62ms)
 GET / 200 in 83ms (next.js: 10ms, application-code: 73ms)
 GET /@vite/client 404 in 63ms (next.js: 14ms, application-code: 49ms)
 GET / 200 in 104ms (next.js: 18ms, application-code: 85ms)
 GET /@vite/client 404 in 62ms (next.js: 12ms, application-code: 51ms)
 GET / 200 in 85ms (next.js: 13ms, application-code: 72ms)
 GET /@vite/client 404 in 65ms (next.js: 11ms, application-code: 53ms)
 GET / 200 in 101ms (next.js: 25ms, application-code: 76ms)
 GET /@vite/client 404 in 69ms (next.js: 12ms, application-code: 57ms)
 GET / 200 in 85ms (next.js: 8ms, application-code: 77ms)
 GET /@vite/client 404 in 73ms (next.js: 11ms, application-code: 61ms)
 GET / 200 in 110ms (next.js: 7ms, application-code: 103ms)
 GET /@vite/client 404 in 65ms (next.js: 11ms, application-code: 54ms)
 GET / 200 in 45ms (next.js: 5ms, application-code: 40ms)
 GET /@vite/client 404 in 76ms (next.js: 12ms, application-code: 64ms)
 GET / 200 in 82ms (next.js: 10ms, application-code: 72ms)
 GET /@vite/client 404 in 63ms (next.js: 12ms, application-code: 51ms)
 GET / 200 in 84ms (next.js: 13ms, application-code: 71ms)
 GET /@vite/client 404 in 61ms (next.js: 11ms, application-code: 50ms)
 GET / 200 in 102ms (next.js: 12ms, application-code: 90ms)
 GET /@vite/client 404 in 75ms (next.js: 11ms, application-code: 64ms)
 GET / 200 in 66ms (next.js: 6ms, application-code: 60ms)
 GET /@vite/client 404 in 56ms (next.js: 11ms, application-code: 44ms)
 GET / 200 in 110ms (next.js: 14ms, application-code: 96ms)
 GET /@vite/client 404 in 69ms (next.js: 12ms, application-code: 58ms)
 GET / 200 in 86ms (next.js: 9ms, application-code: 77ms)
 GET /@vite/client 404 in 87ms (next.js: 13ms, application-code: 74ms)
 GET / 200 in 75ms (next.js: 8ms, application-code: 66ms)
 GET /@vite/client 404 in 63ms (next.js: 12ms, application-code: 51ms)
 GET / 200 in 68ms (next.js: 12ms, application-code: 56ms)
 GET /@vite/client 404 in 62ms (next.js: 16ms, application-code: 46ms)
 GET / 200 in 79ms (next.js: 7ms, application-code: 72ms)
 GET /@vite/client 404 in 158ms (next.js: 24ms, application-code: 134ms)
 GET / 200 in 74ms (next.js: 10ms, application-code: 64ms)
 GET /@vite/client 404 in 61ms (next.js: 12ms, application-code: 49ms)
 GET / 200 in 75ms (next.js: 7ms, application-code: 68ms)
 GET /@vite/client 404 in 51ms (next.js: 10ms, application-code: 41ms)
 GET / 200 in 85ms (next.js: 13ms, application-code: 72ms)
 GET /@vite/client 404 in 69ms (next.js: 11ms, application-code: 58ms)
 GET / 200 in 76ms (next.js: 11ms, application-code: 65ms)
 GET /@vite/client 404 in 81ms (next.js: 10ms, application-code: 71ms)
 GET / 200 in 98ms (next.js: 12ms, application-code: 86ms)
 GET /@vite/client 404 in 57ms (next.js: 12ms, application-code: 44ms)
 GET / 200 in 63ms (next.js: 7ms, application-code: 56ms)
 GET /@vite/client 404 in 64ms (next.js: 12ms, application-code: 52ms)
 GET / 200 in 77ms (next.js: 13ms, application-code: 64ms)
 GET /@vite/client 404 in 60ms (next.js: 12ms, application-code: 47ms)
 GET / 200 in 77ms (next.js: 8ms, application-code: 68ms)
 GET /@vite/client 404 in 54ms (next.js: 9ms, application-code: 45ms)
 GET / 200 in 80ms (next.js: 7ms, application-code: 74ms)
 GET /@vite/client 404 in 67ms (next.js: 10ms, application-code: 57ms)
 GET / 200 in 75ms (next.js: 7ms, application-code: 67ms)
 GET /@vite/client 404 in 74ms (next.js: 11ms, application-code: 63ms)
 GET / 200 in 75ms (next.js: 11ms, application-code: 63ms)
 GET /@vite/client 404 in 58ms (next.js: 9ms, application-code: 49ms)
 GET / 200 in 81ms (next.js: 5ms, application-code: 76ms)
 GET /@vite/client 404 in 86ms (next.js: 17ms, application-code: 69ms)
 GET / 200 in 83ms (next.js: 16ms, application-code: 67ms)
 GET /@vite/client 404 in 65ms (next.js: 18ms, application-code: 48ms)
 GET / 200 in 81ms (next.js: 30ms, application-code: 52ms)
 GET /@vite/client 404 in 67ms (next.js: 10ms, application-code: 57ms)
 GET / 200 in 125ms (next.js: 13ms, application-code: 112ms)
 GET /@vite/client 404 in 59ms (next.js: 11ms, application-code: 47ms)
 GET / 200 in 81ms (next.js: 9ms, application-code: 72ms)
 GET /@vite/client 404 in 62ms (next.js: 12ms, application-code: 49ms)
 GET / 200 in 81ms (next.js: 12ms, application-code: 69ms)
 GET /@vite/client 404 in 70ms (next.js: 13ms, application-code: 57ms)
 GET / 200 in 97ms (next.js: 14ms, application-code: 84ms)
 GET /@vite/client 404 in 84ms (next.js: 10ms, application-code: 74ms)
 GET / 200 in 96ms (next.js: 19ms, application-code: 77ms)
 GET /@vite/client 404 in 57ms (next.js: 10ms, application-code: 47ms)
 GET / 200 in 78ms (next.js: 9ms, application-code: 69ms)
 GET /@vite/client 404 in 54ms (next.js: 9ms, application-code: 45ms)
 GET / 200 in 65ms (next.js: 8ms, application-code: 57ms)
 GET /@vite/client 404 in 57ms (next.js: 12ms, application-code: 45ms)
 GET / 200 in 70ms (next.js: 7ms, application-code: 62ms)
 GET /@vite/client 404 in 56ms (next.js: 8ms, application-code: 47ms)
 GET / 200 in 70ms (next.js: 8ms, application-code: 62ms)
 GET /@vite/client 404 in 64ms (next.js: 13ms, application-code: 50ms)
 GET / 200 in 70ms (next.js: 8ms, application-code: 62ms)
 GET /@vite/client 404 in 52ms (next.js: 9ms, application-code: 43ms)
 GET / 200 in 66ms (next.js: 7ms, application-code: 59ms)
 GET /@vite/client 404 in 62ms (next.js: 14ms, application-code: 48ms)
 GET / 200 in 73ms (next.js: 11ms, application-code: 61ms)
 GET /@vite/client 404 in 57ms (next.js: 10ms, application-code: 47ms)
 GET / 200 in 85ms (next.js: 7ms, application-code: 77ms)
 GET /@vite/client 404 in 61ms (next.js: 11ms, application-code: 49ms)
 GET / 200 in 72ms (next.js: 8ms, application-code: 64ms)
 GET /@vite/client 404 in 63ms (next.js: 11ms, application-code: 52ms)
 GET / 200 in 92ms (next.js: 10ms, application-code: 82ms)
 GET /@vite/client 404 in 60ms (next.js: 13ms, application-code: 47ms)
 GET / 200 in 90ms (next.js: 9ms, application-code: 82ms)
 GET /@vite/client 404 in 62ms (next.js: 9ms, application-code: 52ms)
 GET / 200 in 101ms (next.js: 16ms, application-code: 85ms)
 GET /@vite/client 404 in 57ms (next.js: 12ms, application-code: 45ms)
 GET / 200 in 72ms (next.js: 8ms, application-code: 64ms)
 GET /@vite/client 404 in 57ms (next.js: 8ms, application-code: 49ms)
 GET / 200 in 85ms (next.js: 11ms, application-code: 74ms)
 GET /@vite/client 404 in 62ms (next.js: 12ms, application-code: 50ms)
 GET / 200 in 52ms (next.js: 7ms, application-code: 46ms)
 GET /@vite/client 404 in 70ms (next.js: 10ms, application-code: 61ms)
 GET / 200 in 71ms (next.js: 9ms, application-code: 62ms)
 GET /@vite/client 404 in 64ms (next.js: 16ms, application-code: 48ms)
 GET / 200 in 83ms (next.js: 7ms, application-code: 76ms)
 GET /@vite/client 404 in 130ms (next.js: 15ms, application-code: 115ms)
 GET / 200 in 92ms (next.js: 23ms, application-code: 70ms)
 GET /@vite/client 404 in 60ms (next.js: 11ms, application-code: 49ms)
 GET / 200 in 92ms (next.js: 13ms, application-code: 79ms)
 GET /@vite/client 404 in 53ms (next.js: 9ms, application-code: 44ms)
 GET / 200 in 99ms (next.js: 21ms, application-code: 77ms)
 GET /@vite/client 404 in 58ms (next.js: 12ms, application-code: 46ms)
 GET / 200 in 129ms (next.js: 18ms, application-code: 111ms)
 GET /@vite/client 404 in 73ms (next.js: 11ms, application-code: 62ms)
 GET / 200 in 107ms (next.js: 13ms, application-code: 94ms)
 GET /@vite/client 404 in 64ms (next.js: 11ms, application-code: 53ms)
 GET / 200 in 60ms (next.js: 7ms, application-code: 53ms)
 GET /@vite/client 404 in 60ms (next.js: 13ms, application-code: 48ms)
 GET / 200 in 96ms (next.js: 13ms, application-code: 82ms)
 GET /@vite/client 404 in 80ms (next.js: 15ms, application-code: 64ms)
 GET / 200 in 83ms (next.js: 13ms, application-code: 70ms)
 GET /@vite/client 404 in 62ms (next.js: 13ms, application-code: 49ms)
 GET / 200 in 80ms (next.js: 9ms, application-code: 71ms)
 GET /@vite/client 404 in 65ms (next.js: 12ms, application-code: 53ms)
 GET / 200 in 77ms (next.js: 7ms, application-code: 71ms)
 GET /@vite/client 404 in 99ms (next.js: 14ms, application-code: 85ms)
 GET / 200 in 113ms (next.js: 16ms, application-code: 97ms)
 GET /@vite/client 404 in 59ms (next.js: 13ms, application-code: 45ms)
 GET / 200 in 76ms (next.js: 7ms, application-code: 69ms)
 GET /@vite/client 404 in 61ms (next.js: 12ms, application-code: 49ms)
 GET / 200 in 76ms (next.js: 7ms, application-code: 69ms)
 GET /@vite/client 404 in 61ms (next.js: 11ms, application-code: 50ms)
 GET / 200 in 79ms (next.js: 10ms, application-code: 70ms)
 GET /@vite/client 404 in 65ms (next.js: 16ms, application-code: 49ms)
 GET / 200 in 68ms (next.js: 5ms, application-code: 63ms)
 GET /@vite/client 404 in 67ms (next.js: 14ms, application-code: 53ms)
 GET / 200 in 80ms (next.js: 9ms, application-code: 71ms)
 GET /@vite/client 404 in 61ms (next.js: 11ms, application-code: 49ms)
 GET / 200 in 86ms (next.js: 8ms, application-code: 78ms)
 GET /@vite/client 404 in 54ms (next.js: 8ms, application-code: 46ms)
 GET / 200 in 82ms (next.js: 8ms, application-code: 74ms)
 GET /@vite/client 404 in 68ms (next.js: 10ms, application-code: 57ms)
 GET / 200 in 68ms (next.js: 8ms, application-code: 60ms)
 GET /@vite/client 404 in 63ms (next.js: 13ms, application-code: 50ms)
 GET / 200 in 98ms (next.js: 11ms, application-code: 87ms)
 GET /@vite/client 404 in 53ms (next.js: 8ms, application-code: 45ms)
 GET / 200 in 87ms (next.js: 10ms, application-code: 77ms)
 GET /@vite/client 404 in 62ms (next.js: 13ms, application-code: 49ms)
 GET / 200 in 141ms (next.js: 27ms, application-code: 114ms)
 GET /@vite/client 404 in 81ms (next.js: 13ms, application-code: 68ms)
 GET / 200 in 84ms (next.js: 9ms, application-code: 75ms)
 GET /@vite/client 404 in 63ms (next.js: 12ms, application-code: 50ms)
 GET / 200 in 77ms (next.js: 6ms, application-code: 71ms)
 GET /@vite/client 404 in 64ms (next.js: 10ms, application-code: 54ms)
 GET / 200 in 101ms (next.js: 15ms, application-code: 87ms)
 GET /@vite/client 404 in 87ms (next.js: 10ms, application-code: 77ms)
 GET / 200 in 87ms (next.js: 12ms, application-code: 75ms)
 GET /@vite/client 404 in 59ms (next.js: 9ms, application-code: 50ms)
 GET / 200 in 90ms (next.js: 9ms, application-code: 82ms)
 GET /@vite/client 404 in 49ms (next.js: 11ms, application-code: 38ms)
 GET / 200 in 102ms (next.js: 9ms, application-code: 93ms)
 GET /@vite/client 404 in 67ms (next.js: 12ms, application-code: 55ms)
 GET / 200 in 82ms (next.js: 10ms, application-code: 73ms)
 GET /@vite/client 404 in 63ms (next.js: 11ms, application-code: 52ms)
 GET / 200 in 110ms (next.js: 26ms, application-code: 84ms)
 GET /@vite/client 404 in 60ms (next.js: 11ms, application-code: 50ms)
 GET / 200 in 80ms (next.js: 13ms, application-code: 67ms)
 GET /@vite/client 404 in 60ms (next.js: 11ms, application-code: 49ms)
 GET / 200 in 80ms (next.js: 11ms, application-code: 69ms)
 GET /@vite/client 404 in 48ms (next.js: 8ms, application-code: 39ms)
 GET / 200 in 89ms (next.js: 13ms, application-code: 76ms)
 GET /@vite/client 404 in 61ms (next.js: 10ms, application-code: 51ms)
 GET / 200 in 130ms (next.js: 14ms, application-code: 115ms)
 GET /@vite/client 404 in 63ms (next.js: 10ms, application-code: 54ms)
 GET / 200 in 87ms (next.js: 11ms, application-code: 76ms)
 GET /@vite/client 404 in 64ms (next.js: 10ms, application-code: 54ms)
 GET / 200 in 99ms (next.js: 7ms, application-code: 92ms)
 GET /@vite/client 404 in 76ms (next.js: 10ms, application-code: 66ms)
 GET / 200 in 105ms (next.js: 14ms, application-code: 91ms)
 GET /@vite/client 404 in 77ms (next.js: 12ms, application-code: 65ms)
 GET / 200 in 100ms (next.js: 18ms, application-code: 82ms)
 GET /@vite/client 404 in 78ms (next.js: 11ms, application-code: 67ms)
 GET / 200 in 156ms (next.js: 26ms, application-code: 131ms)
 GET /@vite/client 404 in 69ms (next.js: 11ms, application-code: 58ms)
 GET / 200 in 77ms (next.js: 7ms, application-code: 70ms)
 GET /@vite/client 404 in 63ms (next.js: 14ms, application-code: 50ms)
 GET / 200 in 95ms (next.js: 10ms, application-code: 85ms)
 GET /@vite/client 404 in 64ms (next.js: 11ms, application-code: 53ms)
 GET / 200 in 89ms (next.js: 16ms, application-code: 73ms)
 GET /@vite/client 404 in 67ms (next.js: 12ms, application-code: 55ms)
 GET / 200 in 85ms (next.js: 15ms, application-code: 70ms)
 GET /@vite/client 404 in 62ms (next.js: 12ms, application-code: 50ms)
 GET / 200 in 88ms (next.js: 14ms, application-code: 74ms)
 GET /@vite/client 404 in 64ms (next.js: 10ms, application-code: 54ms)
 GET / 200 in 77ms (next.js: 8ms, application-code: 69ms)
 GET /@vite/client 404 in 61ms (next.js: 11ms, application-code: 50ms)
 GET / 200 in 76ms (next.js: 7ms, application-code: 70ms)
 GET /@vite/client 404 in 58ms (next.js: 10ms, application-code: 48ms)
 GET / 200 in 84ms (next.js: 6ms, application-code: 78ms)
 GET /@vite/client 404 in 60ms (next.js: 8ms, application-code: 52ms)
 GET / 200 in 71ms (next.js: 12ms, application-code: 58ms)
 GET /@vite/client 404 in 53ms (next.js: 9ms, application-code: 44ms)
 GET / 200 in 70ms (next.js: 9ms, application-code: 61ms)
 GET /@vite/client 404 in 56ms (next.js: 11ms, application-code: 45ms)
 GET / 200 in 85ms (next.js: 12ms, application-code: 73ms)
 GET /@vite/client 404 in 59ms (next.js: 13ms, application-code: 46ms)
 GET / 200 in 130ms (next.js: 7ms, application-code: 122ms)
 GET /@vite/client 404 in 76ms (next.js: 11ms, application-code: 64ms)
 GET / 200 in 63ms (next.js: 6ms, application-code: 57ms)
 GET /@vite/client 404 in 60ms (next.js: 12ms, application-code: 48ms)
 GET / 200 in 72ms (next.js: 8ms, application-code: 64ms)
 GET /@vite/client 404 in 106ms (next.js: 13ms, application-code: 93ms)
 GET / 200 in 59ms (next.js: 7ms, application-code: 52ms)
 GET /@vite/client 404 in 53ms (next.js: 10ms, application-code: 43ms)
 GET / 200 in 65ms (next.js: 7ms, application-code: 58ms)
 GET /@vite/client 404 in 59ms (next.js: 15ms, application-code: 44ms)
 GET / 200 in 88ms (next.js: 18ms, application-code: 70ms)
 GET /@vite/client 404 in 78ms (next.js: 18ms, application-code: 60ms)
 GET / 200 in 63ms (next.js: 6ms, application-code: 57ms)
 GET /@vite/client 404 in 67ms (next.js: 11ms, application-code: 56ms)
 GET / 200 in 97ms (next.js: 10ms, application-code: 87ms)
 GET /@vite/client 404 in 62ms (next.js: 14ms, application-code: 48ms)
 GET / 200 in 90ms (next.js: 10ms, application-code: 80ms)
 GET /@vite/client 404 in 63ms (next.js: 14ms, application-code: 49ms)
 GET / 200 in 102ms (next.js: 26ms, application-code: 75ms)
 GET /@vite/client 404 in 76ms (next.js: 17ms, application-code: 59ms)
 GET / 200 in 106ms (next.js: 25ms, application-code: 81ms)
 GET /@vite/client 404 in 66ms (next.js: 12ms, application-code: 55ms)
 GET / 200 in 189ms (next.js: 9ms, application-code: 180ms)
 GET /@vite/client 404 in 74ms (next.js: 16ms, application-code: 58ms)
 GET / 200 in 111ms (next.js: 14ms, application-code: 96ms)
 GET /@vite/client 404 in 68ms (next.js: 9ms, application-code: 59ms)
 GET / 200 in 102ms (next.js: 15ms, application-code: 87ms)
 GET /@vite/client 404 in 99ms (next.js: 16ms, application-code: 83ms)
 GET / 200 in 155ms (next.js: 10ms, application-code: 146ms)
 GET /@vite/client 404 in 249ms (next.js: 50ms, application-code: 200ms)
 GET / 200 in 118ms (next.js: 20ms, application-code: 98ms)
 GET /@vite/client 404 in 74ms (next.js: 12ms, application-code: 62ms)
 GET / 200 in 86ms (next.js: 8ms, application-code: 77ms)
 GET /@vite/client 404 in 67ms (next.js: 14ms, application-code: 53ms)
 GET / 200 in 85ms (next.js: 13ms, application-code: 72ms)
 GET /@vite/client 404 in 85ms (next.js: 12ms, application-code: 72ms)
 GET / 200 in 124ms (next.js: 34ms, application-code: 90ms)
 GET /@vite/client 404 in 192ms (next.js: 45ms, application-code: 147ms)
 GET / 200 in 87ms (next.js: 12ms, application-code: 75ms)
 GET /@vite/client 404 in 65ms (next.js: 11ms, application-code: 53ms)
 GET / 200 in 78ms (next.js: 10ms, application-code: 68ms)
 GET /@vite/client 404 in 66ms (next.js: 9ms, application-code: 57ms)
 GET / 200 in 104ms (next.js: 18ms, application-code: 86ms)
 GET /@vite/client 404 in 88ms (next.js: 12ms, application-code: 76ms)
 GET / 200 in 95ms (next.js: 11ms, application-code: 84ms)
 GET /@vite/client 404 in 72ms (next.js: 14ms, application-code: 58ms)
 GET / 200 in 99ms (next.js: 17ms, application-code: 83ms)
 GET /@vite/client 404 in 76ms (next.js: 14ms, application-code: 63ms)
 GET / 200 in 97ms (next.js: 9ms, application-code: 87ms)
 GET /@vite/client 404 in 89ms (next.js: 12ms, application-code: 77ms)
 GET / 200 in 84ms (next.js: 8ms, application-code: 77ms)
 GET /@vite/client 404 in 66ms (next.js: 19ms, application-code: 47ms)
 GET / 200 in 105ms (next.js: 13ms, application-code: 92ms)
 GET /@vite/client 404 in 151ms (next.js: 22ms, application-code: 128ms)
 GET / 200 in 97ms (next.js: 14ms, application-code: 84ms)
 GET /@vite/client 404 in 72ms (next.js: 9ms, application-code: 63ms)
 GET / 200 in 89ms (next.js: 11ms, application-code: 77ms)
 GET /@vite/client 404 in 62ms (next.js: 12ms, application-code: 50ms)
 GET / 200 in 87ms (next.js: 8ms, application-code: 78ms)
 GET /@vite/client 404 in 69ms (next.js: 12ms, application-code: 56ms)
 GET / 200 in 129ms (next.js: 47ms, application-code: 83ms)
 GET /@vite/client 404 in 164ms (next.js: 36ms, application-code: 128ms)
 GET / 200 in 102ms (next.js: 15ms, application-code: 87ms)
 GET /@vite/client 404 in 77ms (next.js: 31ms, application-code: 46ms)
 GET / 200 in 107ms (next.js: 9ms, application-code: 98ms)
 GET /@vite/client 404 in 57ms (next.js: 11ms, application-code: 46ms)
 GET / 200 in 141ms (next.js: 15ms, application-code: 126ms)
 GET /@vite/client 404 in 114ms (next.js: 15ms, application-code: 99ms)
 GET / 200 in 177ms (next.js: 13ms, application-code: 164ms)
 GET /@vite/client 404 in 122ms (next.js: 34ms, application-code: 88ms)
 GET / 200 in 136ms (next.js: 25ms, application-code: 110ms)
 GET /@vite/client 404 in 109ms (next.js: 17ms, application-code: 92ms)
 GET / 200 in 138ms (next.js: 21ms, application-code: 116ms)
 GET /@vite/client 404 in 131ms (next.js: 26ms, application-code: 105ms)
 GET / 200 in 304ms (next.js: 18ms, application-code: 285ms)
 GET /@vite/client 404 in 141ms (next.js: 23ms, application-code: 119ms)
 GET / 200 in 222ms (next.js: 94ms, application-code: 128ms)
 GET /@vite/client 404 in 117ms (next.js: 20ms, application-code: 98ms)
 GET / 200 in 325ms (next.js: 45ms, application-code: 280ms)
 GET /@vite/client 404 in 86ms (next.js: 15ms, application-code: 70ms)
 GET / 200 in 155ms (next.js: 11ms, application-code: 144ms)
 GET /@vite/client 404 in 153ms (next.js: 24ms, application-code: 129ms)
 GET / 200 in 236ms (next.js: 34ms, application-code: 202ms)
 GET /@vite/client 404 in 597ms (next.js: 196ms, application-code: 401ms)
 GET / 200 in 160ms (next.js: 28ms, application-code: 133ms)
 GET /@vite/client 404 in 132ms (next.js: 14ms, application-code: 118ms)
 GET / 200 in 240ms (next.js: 9ms, application-code: 231ms)
 GET /@vite/client 404 in 123ms (next.js: 15ms, application-code: 108ms)
 GET / 200 in 475ms (next.js: 30ms, application-code: 445ms)
 GET /@vite/client 404 in 164ms (next.js: 35ms, application-code: 129ms)
 GET / 200 in 171ms (next.js: 14ms, application-code: 157ms)
 GET /@vite/client 404 in 158ms (next.js: 27ms, application-code: 131ms)
 GET / 200 in 170ms (next.js: 56ms, application-code: 114ms)
 GET /@vite/client 404 in 120ms (next.js: 19ms, application-code: 102ms)
 GET / 200 in 152ms (next.js: 21ms, application-code: 131ms)
 GET /@vite/client 404 in 151ms (next.js: 21ms, application-code: 130ms)
 GET / 200 in 184ms (next.js: 47ms, application-code: 137ms)
 GET /@vite/client 404 in 125ms (next.js: 24ms, application-code: 101ms)
 GET / 200 in 188ms (next.js: 23ms, application-code: 166ms)
 GET /@vite/client 404 in 132ms (next.js: 24ms, application-code: 109ms)
 GET / 200 in 260ms (next.js: 29ms, application-code: 231ms)
 GET /@vite/client 404 in 162ms (next.js: 25ms, application-code: 137ms)
 GET / 200 in 152ms (next.js: 34ms, application-code: 118ms)
 GET /@vite/client 404 in 101ms (next.js: 17ms, application-code: 85ms)
 GET / 200 in 152ms (next.js: 38ms, application-code: 114ms)
 GET /@vite/client 404 in 152ms (next.js: 15ms, application-code: 137ms)
 GET / 200 in 201ms (next.js: 34ms, application-code: 167ms)
 GET /@vite/client 404 in 139ms (next.js: 20ms, application-code: 119ms)
 GET / 200 in 169ms (next.js: 16ms, application-code: 153ms)
 GET /@vite/client 404 in 124ms (next.js: 23ms, application-code: 102ms)
○ Compiling /_error ...
 GET /api/pets 500 in 4.0s (next.js: 3.7s, application-code: 293ms)
 GET /api/pets 500 in 40ms (next.js: 16ms, application-code: 23ms)
 GET / 500 in 89ms (next.js: 61ms, application-code: 28ms)
▲ Next.js 16.3.3 (Turbopack)
- Local:         http://localhost:3000
- Network:       http://0.0.0.0:3000
✓ Ready in 8.7s
✓ Running next.config.mjs took 93ms

